// Jest Snapshot v1, https://goo.gl/fbAQLP

exports[`renders correctly App component 1`] = `
<App>
  <BrowserRouter>
    <Router
      location={
        Object {
          "hash": "",
          "key": "default",
          "pathname": "/",
          "search": "",
          "state": null,
        }
      }
      navigationType="POP"
      navigator={
        Object {
          "action": "POP",
          "back": [Function],
          "block": [Function],
          "createHref": [Function],
          "forward": [Function],
          "go": [Function],
          "listen": [Function],
          "location": Object {
            "hash": "",
            "key": "default",
            "pathname": "/",
            "search": "",
            "state": null,
          },
          "push": [Function],
          "replace": [Function],
        }
      }
    >
      <div
        className="container"
      >
        <Navbar>
          <nav
            className="navbar navbar-dark"
          >
            <a
              className="navbar-brand "
              href="/"
            >
              User Landing Page
            </a>
            <form
              className="form-inline"
            >
              <select
                aria-label=".form-select-lg example"
                className="form-select form-select-lg"
              >
                <option
                  value="none"
                >
                  None
                </option>
                <option
                  value="active"
                >
                  Active
                </option>
                <option
                  value="inactive"
                >
                  Inactive
                </option>
                <option
                  value="male"
                >
                  Male
                </option>
                <option
                  value="female"
                >
                  Female
                </option>
              </select>
              <div
                className="adduser"
              >
                <button
                  className="btn btn-success btn-outline-light"
                  color="success"
                >
                  Add User
                </button>
              </div>
            </form>
          </nav>
        </Navbar>
        <UserList>
          <div
            className="container"
          >
            <Loader>
              <div
                className="container loader"
              >
                <h2>
                  Loading...  Please wait..
                </h2>
                <div
                  aria-hidden="true"
                  className="spinner-border ms-auto"
                  role="status"
                />
              </div>
            </Loader>
          </div>
        </UserList>
      </div>
    </Router>
  </BrowserRouter>
</App>
`;
