// Jest Snapshot v1, https://goo.gl/fbAQLP

exports[`renders correctly App component 1`] = `
<Fragment>
  <BrowserRouter>
    <div
      className="container"
    >
      <Navbar />
      <UserList />
      <ToastContainer
        autoClose={1500}
        closeButton={[Function]}
        closeOnClick={true}
        draggable={true}
        draggableDirection="x"
        draggablePercent={80}
        hideProgressBar={false}
        newestOnTop={false}
        pauseOnFocusLoss={true}
        pauseOnHover={true}
        position="top-right"
        role="alert"
        rtl={false}
        theme="light"
        transition={[Function]}
      />
    </div>
  </BrowserRouter>
</Fragment>
`;
